// Jest Snapshot v1, https://goo.gl/fbAQLP

exports[`Test suite for profile page component should match snapshot 1`] = `
<MockRouter
  createHref={[Function]}
  location=""
  params={Object {}}
  path=""
  push={[Function]}
  replace={[Function]}
  url=""
>
  <Profile
    auth={
      Object {
        "allUsers": Object {
          "success": true,
          "users": Array [
            Object {
              "avatar": null,
              "bio": null,
              "country": null,
              "createdAt": "2018-03-13T05:04:37.443Z",
              "email": "emasysnd@gmail.com",
              "firstName": null,
              "id": 1,
              "lastName": null,
              "moniker": "admin",
              "password": "$2a$10$47oncNYPerLpBX2BfrUSpeUo4KMIU5dsHkJo3hRUWw1n58K6muoUS",
              "updatedAt": "2018-03-13T05:04:37.443Z",
            },
          ],
        },
        "authInfo": Object {
          "isLoggedIn": true,
          "userId": 1,
          "username": "admin",
        },
        "isLoggedIn": true,
        "message": null,
        "userInfo": Object {
          "data": Object {
            "avatar": null,
            "bio": null,
            "country": "Nigeria",
            "email": "emasysnd@gmail.com",
            "firstName": "emmy",
            "id": 1,
            "lastName": "endy",
            "moniker": "admin",
          },
          "success": true,
        },
        "userProfile": Object {
          "data": Object {
            "avatar": null,
            "bio": null,
            "country": null,
            "email": "emasysnd@gmail.com",
            "firstName": null,
            "id": 1,
            "lastName": null,
            "moniker": "admin",
          },
          "success": true,
        },
      }
    }
    clearRecipes={[Function]}
    count={1}
    delRecipe={[Function]}
    getUserInfo={[Function]}
    getUserRecipes={[Function]}
    match={
      Object {
        "params": Object {
          "id": 1,
        },
      }
    }
    recipes={Object {}}
    updateUser={[Function]}
    uploadImg={[Function]}
    user={Array []}
    userInfo={
      Object {
        "data": Object {
          "avatar": null,
          "bio": null,
          "country": "Nigeria",
          "email": "emasysnd@gmail.com",
          "firstName": "emmy",
          "id": 1,
          "lastName": "endy",
          "moniker": "admin",
        },
        "success": true,
      }
    }
  >
    <div>
      <Connect(Navbar)
        className="bg-dark fixed-top"
      />
      <ToastContainer
        autoClose={5000}
        bodyClassName=""
        className={null}
        closeButton={<DefaultCloseButton />}
        closeOnClick={true}
        hideProgressBar={false}
        newestOnTop={false}
        pauseOnHover={true}
        position="top-right"
        progressClassName=""
        style={null}
        toastClassName=""
        transition={[Function]}
      >
        <div />
      </ToastContainer>
      <section
        className="container-fluid profile catalog-wrapper-full-grid mt-70"
      >
        <div
          className="row justify-content-center"
        >
          <DeleteModal
            auth={
              Object {
                "allUsers": Object {
                  "success": true,
                  "users": Array [
                    Object {
                      "avatar": null,
                      "bio": null,
                      "country": null,
                      "createdAt": "2018-03-13T05:04:37.443Z",
                      "email": "emasysnd@gmail.com",
                      "firstName": null,
                      "id": 1,
                      "lastName": null,
                      "moniker": "admin",
                      "password": "$2a$10$47oncNYPerLpBX2BfrUSpeUo4KMIU5dsHkJo3hRUWw1n58K6muoUS",
                      "updatedAt": "2018-03-13T05:04:37.443Z",
                    },
                  ],
                },
                "authInfo": Object {
                  "isLoggedIn": true,
                  "userId": 1,
                  "username": "admin",
                },
                "isLoggedIn": true,
                "message": null,
                "userInfo": Object {
                  "data": Object {
                    "avatar": null,
                    "bio": null,
                    "country": "Nigeria",
                    "email": "emasysnd@gmail.com",
                    "firstName": "emmy",
                    "id": 1,
                    "lastName": "endy",
                    "moniker": "admin",
                  },
                  "success": true,
                },
                "userProfile": Object {
                  "data": Object {
                    "avatar": null,
                    "bio": null,
                    "country": null,
                    "email": "emasysnd@gmail.com",
                    "firstName": null,
                    "id": 1,
                    "lastName": null,
                    "moniker": "admin",
                  },
                  "success": true,
                },
              }
            }
            clearRecipes={[Function]}
            confirmDelete={[Function]}
            count={1}
            delRecipe={[Function]}
            getUserInfo={[Function]}
            getUserRecipes={[Function]}
            match={
              Object {
                "params": Object {
                  "id": 1,
                },
              }
            }
            recipes={Object {}}
            updateUser={[Function]}
            uploadImg={[Function]}
            user={Array []}
            userInfo={
              Object {
                "data": Object {
                  "avatar": null,
                  "bio": null,
                  "country": "Nigeria",
                  "email": "emasysnd@gmail.com",
                  "firstName": "emmy",
                  "id": 1,
                  "lastName": "endy",
                  "moniker": "admin",
                },
                "success": true,
              }
            }
          >
            <div
              aria-hidden="true"
              aria-labelledby="deleteModalTitle"
              className="modal fade"
              id="deleteModal"
              role="dialog"
              tabIndex="-1"
            >
              <div
                className="modal-dialog modal-dialog-centered"
                role="document"
              >
                <div
                  className="modal-content"
                >
                  <div
                    className="modal-header"
                  >
                    <h5
                      className="modal-title"
                      id="exampleModalLongTitle"
                    >
                      Delete Item
                    </h5>
                    <button
                      aria-label="Close"
                      className="close"
                      data-dismiss="modal"
                      type="button"
                    >
                      <span
                        aria-hidden="true"
                      >
                        Ã—
                      </span>
                    </button>
                  </div>
                  <div
                    className="modal-body"
                  >
                    Are you sure you want to continue with this action?
                  </div>
                  <div
                    className="modal-footer"
                  >
                    <button
                      className="btn btn-secondary btn-lg"
                      data-dismiss="modal"
                      type="button"
                    >
                      No
                    </button>
                    <button
                      className="btn btn-danger btn-lg"
                      data-dismiss="modal"
                      id="confirmDelete"
                      onClick={[Function]}
                      type="button"
                    >
                      Yes
                    </button>
                  </div>
                </div>
              </div>
            </div>
          </DeleteModal>
          <UserInfo
            auth={
              Object {
                "allUsers": Object {
                  "success": true,
                  "users": Array [
                    Object {
                      "avatar": null,
                      "bio": null,
                      "country": null,
                      "createdAt": "2018-03-13T05:04:37.443Z",
                      "email": "emasysnd@gmail.com",
                      "firstName": null,
                      "id": 1,
                      "lastName": null,
                      "moniker": "admin",
                      "password": "$2a$10$47oncNYPerLpBX2BfrUSpeUo4KMIU5dsHkJo3hRUWw1n58K6muoUS",
                      "updatedAt": "2018-03-13T05:04:37.443Z",
                    },
                  ],
                },
                "authInfo": Object {
                  "isLoggedIn": true,
                  "userId": 1,
                  "username": "admin",
                },
                "isLoggedIn": true,
                "message": null,
                "userInfo": Object {
                  "data": Object {
                    "avatar": null,
                    "bio": null,
                    "country": "Nigeria",
                    "email": "emasysnd@gmail.com",
                    "firstName": "emmy",
                    "id": 1,
                    "lastName": "endy",
                    "moniker": "admin",
                  },
                  "success": true,
                },
                "userProfile": Object {
                  "data": Object {
                    "avatar": null,
                    "bio": null,
                    "country": null,
                    "email": "emasysnd@gmail.com",
                    "firstName": null,
                    "id": 1,
                    "lastName": null,
                    "moniker": "admin",
                  },
                  "success": true,
                },
              }
            }
            changeDp={[Function]}
            count={1}
            data={
              Object {
                "data": Object {
                  "id": "",
                },
              }
            }
            handleDrop={[Function]}
            handleImg={[Function]}
            hoverIn={[Function]}
            hoverOut={[Function]}
            notify={[Function]}
            showForm={[Function]}
            state={
              Object {
                "bio": "",
                "country": "",
                "display": "d-block",
                "edit": false,
                "files": "",
                "firstName": "",
                "lastName": "",
                "limit": 6,
                "offset": 6,
                "open": false,
                "preview": "",
                "recipes": Array [],
                "save": "d-none",
                "showMore": true,
                "status": "fade",
                "successMsg": false,
                "view": false,
              }
            }
          >
            <div
              className="col-lg-2 col-md-3 col-sm-6 mb-10 col-12"
            >
              <div
                className="img-wrapper"
                onMouseEnter={[Function]}
                onMouseLeave={[Function]}
              >
                <div
                  className=" changeDp hovered  fade"
                  onClick={[Function]}
                >
                  <Dropzone
                    accept="image/jpeg,image/jpg,image/tiff,image/gif,image/png"
                    className=" p-10 text-center text-light dropzone-dp"
                    disableClick={false}
                    disablePreview={false}
                    disabled={false}
                    maxSize={Infinity}
                    minSize={0}
                    multiple={false}
                    onDrop={[Function]}
                    preventDropOnDocument={true}
                  >
                    <div
                      aria-disabled={false}
                      className=" p-10 text-center text-light dropzone-dp"
                      onClick={[Function]}
                      onDragEnter={[Function]}
                      onDragLeave={[Function]}
                      onDragOver={[Function]}
                      onDragStart={[Function]}
                      onDrop={[Function]}
                      style={Object {}}
                    >
                      click to change profile picture
                      <input
                        accept="image/jpeg,image/jpg,image/tiff,image/gif,image/png"
                        autoComplete="off"
                        disabled={false}
                        multiple={false}
                        onChange={[Function]}
                        style={
                          Object {
                            "display": "none",
                          }
                        }
                        type="file"
                      />
                    </div>
                  </Dropzone>
                </div>
                <img
                  alt="avi"
                  className="img-fluid rounded mb-3"
                  src="https://res.cloudinary.com/emasys/image/upload/v1512284260/mejglndrmulkudy2feug.png"
                />
              </div>
              <div
                className="bg-light rounded p-10 profile-wrapper"
              >
                <h2
                  className="mb-10 bolder"
                />
                <div>
                  <p />
                  <hr />
                </div>
                <small>
                  <i
                    aria-hidden="true"
                    className="fa fa-envelope"
                  />
                   
                </small>
                <div>
                  <button
                    className="btn btn-success btn-lg d-none"
                    id="upload-dp"
                    onClick={[Function]}
                  >
                    Upload Image
                  </button>
                </div>
                <div
                  className="mt-5"
                >
                  <Link
                    className="btn btn-lg btn-light"
                    replace={false}
                    to="/manageUsers"
                  >
                    <a
                      className="btn btn-lg btn-light"
                      onClick={[Function]}
                    >
                       
                      Manage Users
                    </a>
                  </Link>
                </div>
                <div
                  className="mt-5"
                >
                  <button
                    className="btn btn-dark"
                    id="edit-profile"
                    onClick={[Function]}
                  >
                    Edit profile
                  </button>
                </div>
              </div>
            </div>
          </UserInfo>
          <div
            className="col-lg-10 col-md-9 col-sm-6 col-12 recipe-lists"
          >
            <div
              className="clearfix"
            >
              <h2
                className=" float-left clearfix"
              >
                Recipes
                 
                <span
                  className="badge badge-dark"
                  data-tip="Total number of recipes added"
                >
                  1
                </span>
              </h2>
              <Link
                className="btn btn-dark float-right clearfix"
                replace={false}
                role="button"
                to="/new"
              >
                <a
                  className="btn btn-dark float-right clearfix"
                  onClick={[Function]}
                  role="button"
                >
                  Add New Recipes
                </a>
              </Link>
            </div>
            <hr />
            <div
              className="row justify-content-center"
            >
              <Connect(CatalogList)
                auth={
                  Object {
                    "allUsers": Object {
                      "success": true,
                      "users": Array [
                        Object {
                          "avatar": null,
                          "bio": null,
                          "country": null,
                          "createdAt": "2018-03-13T05:04:37.443Z",
                          "email": "emasysnd@gmail.com",
                          "firstName": null,
                          "id": 1,
                          "lastName": null,
                          "moniker": "admin",
                          "password": "$2a$10$47oncNYPerLpBX2BfrUSpeUo4KMIU5dsHkJo3hRUWw1n58K6muoUS",
                          "updatedAt": "2018-03-13T05:04:37.443Z",
                        },
                      ],
                    },
                    "authInfo": Object {
                      "isLoggedIn": true,
                      "userId": 1,
                      "username": "admin",
                    },
                    "isLoggedIn": true,
                    "message": null,
                    "userInfo": Object {
                      "data": Object {
                        "avatar": null,
                        "bio": null,
                        "country": "Nigeria",
                        "email": "emasysnd@gmail.com",
                        "firstName": "emmy",
                        "id": 1,
                        "lastName": "endy",
                        "moniker": "admin",
                      },
                      "success": true,
                    },
                    "userProfile": Object {
                      "data": Object {
                        "avatar": null,
                        "bio": null,
                        "country": null,
                        "email": "emasysnd@gmail.com",
                        "firstName": null,
                        "id": 1,
                        "lastName": null,
                        "moniker": "admin",
                      },
                      "success": true,
                    },
                  }
                }
                catalog={Object {}}
                clearRecipes={[Function]}
                count={1}
                delRecipe={[Function]}
                deleteRecipe={[Function]}
                getUserInfo={[Function]}
                getUserRecipes={[Function]}
                match={
                  Object {
                    "params": Object {
                      "id": 1,
                    },
                  }
                }
                recipes={Object {}}
                showDeleteBtn={true}
                updateUser={[Function]}
                uploadImg={[Function]}
                user={Array []}
                userInfo={
                  Object {
                    "data": Object {
                      "avatar": null,
                      "bio": null,
                      "country": "Nigeria",
                      "email": "emasysnd@gmail.com",
                      "firstName": "emmy",
                      "id": 1,
                      "lastName": "endy",
                      "moniker": "admin",
                    },
                    "success": true,
                  }
                }
              />
            </div>
            <div
              className="row justify-content-center"
            >
              <button
                className=" btn btn-lg btn-outline-dark text-center"
                id="viewMore"
                onClick={[Function]}
              >
                View more
              </button>
            </div>
          </div>
        </div>
      </section>
      <ReactTooltip
        effect="float"
        insecure={true}
        place="bottom"
        resizeHide={true}
        type="dark"
        wrapper="div"
      >
        <div
          className="__react_component_tooltip place-top type-dark "
          data-id="tooltip"
        />
      </ReactTooltip>
    </div>
  </Profile>
</MockRouter>
`;
